// Jest Snapshot v1, https://goo.gl/fbAQLP

exports[`Seating component Matches the snapshot 1`] = `
Object {
  "asFragment": [Function],
  "baseElement": <body>
    <div>
      <div>
        <h3
          class="seating-title"
        >
          Booking List 
        </h3>
        <div
          class="link-to-booking"
        />
        <br />
        <br />
        <table
          class="table table-hover"
        >
          <thead>
            <tr>
              <th
                scope="col"
              >
                ID 
              </th>
              <th
                scope="col"
              >
                First Name 
              </th>
              <th
                scope="col"
              >
                Last Name 
              </th>
              <th
                scope="col"
              >
                Dining Date
              </th>
              <th
                scope="col"
              >
                Number of Covers 
              </th>
              <th
                scope="col"
              >
                Phone Number
              </th>
              <th
                scope="col"
              >
                Email
              </th>
              <th
                scope="col"
              >
                Status
              </th>
            </tr>
          </thead>
        </table>
        <div
          class="footer"
        >
           Awet Fessha ©2020 
        </div>
      </div>
    </div>
  </body>,
  "container": <div>
    <div>
      <h3
        class="seating-title"
      >
        Booking List 
      </h3>
      <div
        class="link-to-booking"
      />
      <br />
      <br />
      <table
        class="table table-hover"
      >
        <thead>
          <tr>
            <th
              scope="col"
            >
              ID 
            </th>
            <th
              scope="col"
            >
              First Name 
            </th>
            <th
              scope="col"
            >
              Last Name 
            </th>
            <th
              scope="col"
            >
              Dining Date
            </th>
            <th
              scope="col"
            >
              Number of Covers 
            </th>
            <th
              scope="col"
            >
              Phone Number
            </th>
            <th
              scope="col"
            >
              Email
            </th>
            <th
              scope="col"
            >
              Status
            </th>
          </tr>
        </thead>
      </table>
      <div
        class="footer"
      >
         Awet Fessha ©2020 
      </div>
    </div>
  </div>,
  "debug": [Function],
  "findAllByAltText": [Function],
  "findAllByDisplayValue": [Function],
  "findAllByLabelText": [Function],
  "findAllByPlaceholderText": [Function],
  "findAllByRole": [Function],
  "findAllByTestId": [Function],
  "findAllByText": [Function],
  "findAllByTitle": [Function],
  "findByAltText": [Function],
  "findByDisplayValue": [Function],
  "findByLabelText": [Function],
  "findByPlaceholderText": [Function],
  "findByRole": [Function],
  "findByTestId": [Function],
  "findByText": [Function],
  "findByTitle": [Function],
  "getAllByAltText": [Function],
  "getAllByDisplayValue": [Function],
  "getAllByLabelText": [Function],
  "getAllByPlaceholderText": [Function],
  "getAllByRole": [Function],
  "getAllByTestId": [Function],
  "getAllByText": [Function],
  "getAllByTitle": [Function],
  "getByAltText": [Function],
  "getByDisplayValue": [Function],
  "getByLabelText": [Function],
  "getByPlaceholderText": [Function],
  "getByRole": [Function],
  "getByTestId": [Function],
  "getByText": [Function],
  "getByTitle": [Function],
  "queryAllByAltText": [Function],
  "queryAllByDisplayValue": [Function],
  "queryAllByLabelText": [Function],
  "queryAllByPlaceholderText": [Function],
  "queryAllByRole": [Function],
  "queryAllByTestId": [Function],
  "queryAllByText": [Function],
  "queryAllByTitle": [Function],
  "queryByAltText": [Function],
  "queryByDisplayValue": [Function],
  "queryByLabelText": [Function],
  "queryByPlaceholderText": [Function],
  "queryByRole": [Function],
  "queryByTestId": [Function],
  "queryByText": [Function],
  "queryByTitle": [Function],
  "rerender": [Function],
  "unmount": [Function],
}
`;
